<html>
<body>
<pre>
<h1>礦ision Build Log</h1>
<h2>Tool Versions:</h2>
IDE-Version: μVision V5.14.0.0
Copyright (C) 2015 ARM Ltd and ARM Germany GmbH. All rights reserved.
License Information: 11 11, 11, LIC=HN0AE-5CLRF-PCFJ8-3TBI3-EEBBK-A5HB4
 
Tool Versions:
Toolchain:       MDK-ARM Standard  Version: 5.14.0.0
Toolchain Path:  D:\Keil\STM\software\ARM\ARMCC\Bin
C Compiler:      Armcc.exe V5.05 update 1 (build 106)
Assembler:       Armasm.exe V5.05 update 1 (build 106)
Linker/Locator:  ArmLink.exe V5.05 update 1 (build 106)
Library Manager: ArmAr.exe V5.05 update 1 (build 106)
Hex Converter:   FromElf.exe V5.05 update 1 (build 106)
CPU DLL:         SARMCM3.DLL V5.14.0.0
Dialog DLL:      DCM.DLL V1.13.1.0
Target DLL:      STLink\ST-LINKIII-KEIL_SWO.dll V2.0.14.0_KEIL
Dialog DLL:      TCM.DLL V1.14.4.0
 
<h2>Project:</h2>
C:\Users\余麋\Desktop\FreeRTOS\3，扩展例程\5，FreeRTOS例程\FreeRTOS实验2-1 FreeRTOS移植实验\USER\FreeRTOS.uvprojx
Project File Date:  08/13/2022

<h2>Output:</h2>
Build target 'FreeRTOS'
compiling main.c...
compiling led.c...
linking...
Program Size: Code=14896 RO-data=600 RW-data=184 ZI-data=23160  
FromELF: creating hex file...
"..\OBJ\LED.axf" - 0 Error(s), 0 Warning(s).

<h2>Collection of Component include folders:</h2>
  C:\Users\余麋\Desktop\FreeRTOS\3，扩展例程\5，FreeRTOS例程\FreeRTOS实验2-1 FreeRTOS移植实验\USER\RTE
  D:\Keil\STM\pack\Keil\STM32F4xx_DFP\2.16.0

<h2>Collection of Component Files used:</h2>
</pre>
</body>
</html>
